// Jest Snapshot v1, https://goo.gl/fbAQLP

exports[`AssignmentFilterType component render snapshot 1`] = `
<div
  className="student-filters"
>
  <SelectGroup
    disabled={true}
    id="assignment-types"
    label="Assignment Types"
    onChange={[MockFunction]}
    options={
      Array [
        <option
          value=""
        >
          All
        </option>,
        <option
          value="test-type"
        >
          test-type
        </option>,
        <option
          value="type1"
        >
          type1
        </option>,
        <option
          value="type2"
        >
          type2
        </option>,
        <option
          value="type3"
        >
          type3
        </option>,
      ]
    }
    value="test-type"
  />
</div>
`;
