// Jest Snapshot v1, https://goo.gl/fbAQLP

exports[`InterventionsReport component snapshots snapshot 1`] = `
<div>
  <h4
    className="mt-0"
  >
    <FormattedMessage
      defaultMessage="Interventions Report"
      description="Intervention report subsection label"
      id="gradebook.GradesView.InterventionsReport.title"
    />
  </h4>
  <div
    className="d-flex justify-content-between align-items-center"
  >
    <div
      className="intervention-report-description"
    >
      <FormattedMessage
        defaultMessage="Need to find students who may be falling behind?  Download the interventions report to obtain engagement metrics such as section attempts and visits."
        description="Intervention report subsection description"
        id="gradebook.GradesView.InterventionsReport.description"
      />
    </div>
    <NetworkButton
      label={
        Object {
          "defaultMessage": "Download Interventions",
          "description": "Button text for intervention report download control in GradesView",
          "id": "gradebook.GradesView.InterventionsReport.downloadBtn",
        }
      }
      onClick={[MockFunction handleClick]}
    />
  </div>
</div>
`;
