// Jest Snapshot v1, https://goo.gl/fbAQLP

exports[`PageButtons component render snapshot 1`] = `
<div
  className="d-flex justify-content-center"
  style={
    Object {
      "paddingBottom": "20px",
    }
  }
>
  <Button
    disabled="prev-disabled"
    onClick={[MockFunction hooks.prev.onClick]}
    style={
      Object {
        "margin": "20px",
      }
    }
    variant="outline-primary"
  >
    prev-text
  </Button>
  <Button
    disabled="next-disabled"
    onClick={[MockFunction hooks.next.onClick]}
    style={
      Object {
        "margin": "20px",
      }
    }
    variant="outline-primary"
  >
    next-text
  </Button>
</div>
`;
