// Jest Snapshot v1, https://goo.gl/fbAQLP

exports[`ScoreViewInput component snapshot - select box with percent and absolute options and onClick from props.toggleFormat 1`] = `
<FormGroup
  controlId="ScoreView"
>
  <FormLabel>
    <FormattedMessage
      defaultMessage="Score View"
      description="Score format select dropdown label"
      id="gradebook.GradesTab.scoreViewLabel"
    />
    :
  </FormLabel>
  <FormControl
    as="select"
    onChange={[MockFunction]}
    value="percent"
  >
    <option
      value="percent"
    >
      Percent
    </option>
    <option
      value="absolute"
    >
      Absolute
    </option>
  </FormControl>
</FormGroup>
`;
