// Jest Snapshot v1, https://goo.gl/fbAQLP

exports[`GradesTab Component snapshots basic snapshot 1`] = `
<React.Fragment>
  <SpinnerIcon />
  <SearchControls />
  <FilterBadges
    handleClose={[MockFunction this.handleFilterBadgeClose]}
  />
  <StatusAlerts />
  <h4>
    <FormattedMessage
      defaultMessage="Step 2: View or Modify Individual Grades"
      description="Alert text for invalid minimum course grade"
      id="gradebook.GradesTab.gradebookStepHeading"
    />
  </h4>
  <UsersLabel />
  <div
    className="d-flex justify-content-between align-items-center mb-2"
  >
    <ScoreViewInput />
    <BulkManagementControls />
  </div>
  <GradebookTable />
  <PageButtons />
  <p>
    * 
    <FormattedMessage
      defaultMessage="available for learners in the Master's track only"
      description="Masters feature availability hint on Grades Tab"
      id="gradebook.GradesTab.mastersHint"
    />
  </p>
  <EditModal />
</React.Fragment>
`;
