// Jest Snapshot v1, https://goo.gl/fbAQLP

exports[`GradebookFilters Component snapshots basic snapshot 1`] = `
<React.Fragment>
  <div
    className="filter-sidebar-header"
  >
    <h2>
      <Icon
        className="fa fa-filter"
      />
    </h2>
    <IconButton
      alt="Close Filters"
      aria-label="Close Filters"
      className="p-1"
      iconAs="Icon"
      onClick={[MockFunction this.props.closeMenu]}
      src="paragon.icons.Close"
    />
  </div>
  <Collapsible
    className="filter-group mb-3"
    defaultOpen={true}
    title={
      <FormattedMessage
        defaultMessage="Assignments"
        description="Assignment filter group label in Gradebook Filters"
        id="gradebook.GradebookFilters.assignmentsFilterLabel"
      />
    }
  >
    <div>
      <Connect(AssignmentTypeFilter)
        updateQueryParams={[MockFunction]}
      />
      <Connect(AssignmentFilter)
        updateQueryParams={[MockFunction]}
      />
      <Connect(AssignmentGradeFilter)
        updateQueryParams={[MockFunction]}
      />
    </div>
  </Collapsible>
  <Collapsible
    className="filter-group mb-3"
    defaultOpen={true}
    title={
      <FormattedMessage
        defaultMessage="Overall Grade"
        description="Overall Grade filter group label in Gradebook Filters"
        id="gradebook.GradebookFilters.overallGradeFilterLabel"
      />
    }
  >
    <Connect(CourseGradeFilter)
      updateQueryParams={[MockFunction]}
    />
  </Collapsible>
  <Collapsible
    className="filter-group mb-3"
    defaultOpen={true}
    title={
      <FormattedMessage
        defaultMessage="Student Groups"
        description="Student Groups filter group label in Gradebook Filters"
        id="gradebook.GradebookFilters.studentGroupsFilterLabel"
      />
    }
  >
    <InjectIntl(ShimmedIntlComponent)
      updateQueryParams={[MockFunction]}
    />
  </Collapsible>
  <Collapsible
    className="filter-group mb-3"
    defaultOpen={true}
    title={
      <FormattedMessage
        defaultMessage="Include Course Team Members"
        description="Include Course Team Members filter label in Gradebook Filters"
        id="gradebook.GradebookFilters.includeCourseTeamMembersFilterLabel"
      />
    }
  >
    <Checkbox
      checked={true}
      onChange={[MockFunction handleIncludeTeamMembersChange]}
    >
      <FormattedMessage
        defaultMessage="Include Course Team Members"
        description="Include Course Team Members filter label in Gradebook Filters"
        id="gradebook.GradebookFilters.includeCourseTeamMembersFilterLabel"
      />
    </Checkbox>
  </Collapsible>
</React.Fragment>
`;
