// Jest Snapshot v1, https://goo.gl/fbAQLP

exports[`StudentGroupsFilter component render snapshot 1`] = `
<Fragment>
  <SelectGroup
    id="Tracks"
    label="Tracks"
    onChange={[MockFunction]}
    options={
      Array [
        <option
          value="Track-All"
        >
          Track-All
        </option>,
        <option
          value="v1"
        >
          n1
        </option>,
        <option
          value="v2"
        >
          n2
        </option>,
        <option
          value="v3"
        >
          n3
        </option>,
        <option
          value="v4"
        >
          n4
        </option>,
      ]
    }
    value="test-track"
  />
  <SelectGroup
    disabled={false}
    id="Cohorts"
    label="Cohorts"
    onChange={[MockFunction]}
    options={
      Array [
        <option
          value="Cohort-All"
        >
          Cohort-All
        </option>,
        <option
          value="v1"
        >
          n1
        </option>,
        <option
          value="v2"
        >
          n2
        </option>,
        <option
          value="v3"
        >
          n3
        </option>,
      ]
    }
    value="test-cohort"
  />
</Fragment>
`;
