// Jest Snapshot v1, https://goo.gl/fbAQLP

exports[`App router component snapshot 1`] = `
<AppProvider
  store="testStore"
>
  <injectIntl(ShimmedIntlComponent) />
  <BrowserRouter>
    <div>
      <Header />
      <main>
        <Switch>
          <Route
            component="GradebookPage"
            exact={true}
            path="/:courseId"
          />
        </Switch>
      </main>
      <Footer />
    </div>
  </BrowserRouter>
</AppProvider>
`;
